src/App.tsx(56,11): error TS6133: 'user' is declared but its value is never read.
src/constants/translations.ts(107,5): error TS1117: An object literal cannot have multiple properties with the same name.
src/constants/translations.ts(237,5): error TS1117: An object literal cannot have multiple properties with the same name.
src/contexts/AuthContext.tsx(4,29): error TS2339: Property 'env' does not exist on type 'ImportMeta'.
src/contexts/SSEContext.tsx(5,29): error TS2339: Property 'env' does not exist on type 'ImportMeta'.
src/contexts/SSEContext.tsx(53,40): error TS2503: Cannot find namespace 'NodeJS'.
src/pages/admin/AuditLogPage.tsx(13,5): error TS6133: 'Download' is declared but its value is never read.
src/pages/admin/AuditLogPage.tsx(21,5): error TS6133: 'UserMinus' is declared but its value is never read.
src/pages/admin/AuditLogPage.tsx(36,29): error TS2339: Property 'env' does not exist on type 'ImportMeta'.
src/pages/admin/CompanyManagementPage.tsx(253,46): error TS2339: Property 'env' does not exist on type 'ImportMeta'.
src/pages/admin/DashboardPage.tsx(349,35): error TS6133: 'pickedUpPercent' is declared but its value is never read.
src/pages/admin/ExportPage.tsx(22,40): error TS2339: Property 'env' does not exist on type 'ImportMeta'.
src/pages/admin/ShiftConfigPage.tsx(87,57): error TS6133: 'index' is declared but its value is never read.
src/pages/admin/TimeSettingsPage.tsx(5,29): error TS2339: Property 'env' does not exist on type 'ImportMeta'.
src/pages/admin/UserManagementPage.tsx(120,40): error TS2339: Property 'env' does not exist on type 'ImportMeta'.
src/pages/canteen/CheckInPage.tsx(4,120): error TS6133: 'Sparkles' is declared but its value is never read.
src/pages/HistoryPage.tsx(5,102): error TS6133: 'Sparkles' is declared but its value is never read.
src/pages/OrderPage.tsx(64,12): error TS6133: 'existingOrders' is declared but its value is never read.
src/pages/SettingsPage.tsx(8,29): error TS2339: Property 'env' does not exist on type 'ImportMeta'.
